msg1msg2msg3